BotStart
BotWarn "unknown command:test"
BotWarn "unknown command:test2"
BotMethodStart CbtTripleColumnTechnique
BotStackPush   CbtTripleColumnTechnique CbtStackAT "I'm a dumb"
BotStackFreeze CbtTripleColumnTechnique CbtStackAT
BotMethodColumnFinish CbtTripleColumnTechnique CbtStackAT
BotMessage "認知の歪み"
BotMessage "AN, OG, MF, DP, MR, FT, MM, EM, SH, LB, PE"
BotStackPush   CbtTripleColumnTechnique CbtStackCD "Labeling"
BotStackFreeze CbtTripleColumnTechnique CbtStackCD
BotMethodColumnFinish CbtTripleColumnTechnique CbtStackCD
BotMessage "合理的反応"
BotStackPush   CbtTripleColumnTechnique CbtStackRR "No one is dumb"
BotStackFreeze CbtTripleColumnTechnique CbtStackRR
BotMethodColumnFinish CbtTripleColumnTechnique CbtStackRR
BotMethodFinish CbtTripleColumnTechnique
BotMessage "コマンド:"
BotMessage "ヘルプ -- Enter help mode"
BotMessage "3 -- Start Triple-column technique"
BotMessage "自動思考 -- Start Triple-column technique"
BotMessage "診断 -- Burns Depression Checklist"
BotMethodStart CbtTripleColumnTechnique
BotStackPush   CbtTripleColumnTechnique CbtStackAT "I'm a dumb"
BotStackFreeze CbtTripleColumnTechnique CbtStackAT
BotMethodColumnFinish CbtTripleColumnTechnique CbtStackAT
BotMessage "認知の歪み"
BotMessage "AN, OG, MF, DP, MR, FT, MM, EM, SH, LB, PE"
BotStackPush   CbtTripleColumnTechnique CbtStackCD "Labeling"
BotStackFreeze CbtTripleColumnTechnique CbtStackCD
BotMethodColumnFinish CbtTripleColumnTechnique CbtStackCD
BotMessage "合理的反応"
BotStackPush   CbtTripleColumnTechnique CbtStackRR "No one is dumb"
BotStackFreeze CbtTripleColumnTechnique CbtStackRR
BotMethodColumnFinish CbtTripleColumnTechnique CbtStackRR
BotMethodFinish CbtTripleColumnTechnique
BotFinish
